eau alors qu'un tableau √©tait attendu.ãGeoJSON non valide. Une valeur non num√©rique a √©t√© trouv√©e dans un √©l√©ment de tableau alors qu'une valeur num√©rique √©tait attendue.AGeoJSON non valide. La valeur '{0}' n'est pas un nom CRS reconnu.BGeoJSON non valide. La valeur '{0}' n'est pas un type CRS reconnu.áGeoJSON non valide. Une valeur Null a √©t√© trouv√©e dans un √©l√©ment de tableau dans lequel les valeurs Null ne sont pas autoris√©es.^GeoJSON non valide. Une position doit contenir au moins deux et pas plus de quatre √©l√©ments.KGeoJSON non valide. La valeur '{0}' n'est pas valide pour le membre 'type'.DGeoJSON non valide. Le membre '{0}' est requis mais est introuvable.GFormat GML incorrect¬†: un √©l√