<!DOCTYPE html><html lang="en"><head><meta charset="utf-8"><meta name="viewport" content="width=device-width, initial-scale=1.0"><meta name="generator" content="rustdoc"><meta name="description" content="API documentation for the Rust `__msa_fmax_a_w` fn in crate `core`."><meta name="keywords" content="rust, rustlang, rust-lang, __msa_fmax_a_w"><title>core::arch::mips::__msa_fmax_a_w - Rust</title><link rel="stylesheet" type="text/css" href="../../../normalize1.41.0.css"><link rel="stylesheet" type="text/css" href="../../../rustdoc1.41.0.css" id="mainThemeStyle"><link rel="stylesheet" type="text/css" href="../../../dark1.41.0.css"><link rel="stylesheet" type="text/css" href="../../../light1.41.0.css" id="themeStyle"><script src="../../../storage1.41.0.js"></script><noscript><link rel="stylesheet" href="../../../noscript1.41.0.css"></noscript><link rel="shortcut icon" href="../../../favicon1.41.0.ico"><style type="text/css">#crate-search{background-image:url("../../../down-arrow1.41.0.svg");}</style></head><body class="rustdoc fn"><!--[if lte IE 8]><div class="warning">This old browser is unsupported and will most likely display funky things.</div><![endif]--><nav class="sidebar"><div class="sidebar-menu">&#9776;</div><a href='../../../core/index.html'><div class='logo-container'><img src='../../../rust-logo1.41.0.png' alt='logo'></div></a><div class="sidebar-elems"><p class='location'><a href='../../index.html'>core</a>::<wbr><a href='../index.html'>arch</a>::<wbr><a href='index.html'>mips</a></p><script>window.sidebarCurrent = {name: '__msa_fmax_a_w', ty: 'fn', relpath: ''};</script><script defer src="sidebar-items.js"></script></div></nav><div class="theme-picker"><button id="theme-picker" aria-label="Pick another theme!"><img src="../../../brush1.41.0.svg" width="18" alt="Pick another theme!"></button><div i